<html>
<body>
<pre>
<h1>礦ision Build Log</h1>
<h2>Tool Versions:</h2>
IDE-Version: μVision V5.41.0.0
Copyright (C) 2024 ARM Ltd and ARM Germany GmbH. All rights reserved.
License Information: 1 1, 1, LIC=HF82M-XV2EC-JPCZQ-NR2FK-RQ766-XL0QY
 
Tool Versions:
Toolchain:       MDK-ARM Professional  Version: 5.41.0.0
Toolchain Path:  C:\Program Files (x86)\MDK\ARM\Version5.06\Bin
C Compiler:      Armcc.exe V5.06 update 7 (build 960)
Assembler:       Armasm.exe V5.06 update 7 (build 960)
Linker/Locator:  ArmLink.exe V5.06 update 7 (build 960)
Library Manager: ArmAr.exe V5.06 update 7 (build 960)
Hex Converter:   FromElf.exe V5.06 update 7 (build 960)
CPU DLL:         SARMCM3.DLL V5.41.0.0
Dialog DLL:      DCM.DLL V1.17.5.0
Target DLL:      CMSIS_AGDI.dll V1.33.21.0
Dialog DLL:      TCM.DLL V1.56.4.0
 
<h2>Project:</h2>
E:\workspace\STM32\江科大\2-1 STM32工程模版\Project.uvprojx
Project File Date:  12/10/2024

<h2>Output:</h2>
*** Using Compiler 'V5.06 update 7 (build 960)', folder: 'C:\Program Files (x86)\MDK\ARM\Version5.06\Bin'
Build target 'Target_1'
compiling main.c...
linking...
Program Size: Code=936 RO-data=408 RW-data=0 ZI-data=1632  
FromELF: creating hex file...
".\Output\Project.axf" - 0 Error(s), 0 Warning(s).

<h2>Software Packages used:</h2>

Package Vendor: Keil
                https://www.keil.com/pack/Keil.STM32F4xx_DFP.3.0.0.pack
                Keil::STM32F4xx_DFP@3.0.0
                STMicroelectronics STM32F4 Series Device Support

<h2>Collection of Component include folders:</h2>

<h2>Collection of Component Files used:</h2>
Build Time Elapsed:  00:00:01
</pre>
</body>
</html>
